package com.example;

public final class SomeRecord extends Record {

// C

   public static void main(String[] args) {
   }

   public final String toString() {
      return this;
   }

   public final int hashCode() {
      return (int)this;
   }

   public final boolean equals(Object o) {
      return (boolean)o;
   }
}
